// Jest Snapshot v1, https://goo.gl/fbAQLP

exports[`Button test cases Render check 1`] = `
<DocumentFragment>
  <button
    class="css-1bdixvh"
    color="primary"
  >
    REGISTER NOW
  </button>
</DocumentFragment>
`;
